MephalaOracle-MagicDfsFinder
TotalScore: 73223
Id	Perf	Avg	ScoreBySeeds
0	162%	8917	8917
1	122%	5136	5136
10	120%	6738	6738
13	18%	2962	2962
15	102%	6486	6486
16	237%	11876	11876
17	124%	5832	5832
19	122%	5626	5626
20	185%	8888	8888
21	37%	1466	1466
22	140%	8298	8298
23	14%	998	998