e
Adaptive
TotalScore: 15316
Id	Perf	Avg	ScoreBySeeds
4	126%	15316	15316